---
source: src/interpreter.rs
expression: "format!(\"{}\\n\\n;; Results:{}\", & source,\n        execute(& mut Interpreter :: new(), & source))"
input_file: testdata/variables/redefine_variable.pie
---
(claim x Nat)
(define x 42)
(define x 43)


;; Results:
;; Type Error: the variable x is already defined!
