---
source: src/parser.rs
expression: "parse(\"(cons 42 42)\")"
---
Ok(
    [
        Expr(
            Expr {
                kind: Cons(
                    Expr {
                        kind: Nat(
                            BigUint {
                                data: [
                                    42,
                                ],
                            },
                        ),
                    },
                    Expr {
                        kind: Nat(
                            BigUint {
                                data: [
                                    42,
                                ],
                            },
                        ),
                    },
                ),
            },
        ),
    ],
)
