---
source: src/parser.rs
expression: "parse(\"(Pair Atom Atom)\")"
---
Ok(
    [
        Expr(
            Expr {
                kind: TPair(
                    Expr {
                        kind: TAtom,
                    },
                    Expr {
                        kind: TAtom,
                    },
                ),
            },
        ),
    ],
)
