---
source: src/parser.rs
expression: "parse(\"1232143434875236458243451231123\")"
---
Ok(
    [
        Expr(
            Nat(
                BigUint {
                    data: [
                        5057191495630298003,
                        66794629445,
                    ],
                },
            ),
        ),
    ],
)
