---
source: src/parser.rs
expression: "parse(\"1\")"
---
Ok(
    [
        Expr(
            Expr {
                kind: Nat(
                    BigUint {
                        data: [
                            1,
                        ],
                    },
                ),
            },
        ),
    ],
)
